[    0.000000] Linux version 4.15.0-45-generic (buildd@lgw01-amd64-031) (gcc version 7.3.0 (Ubuntu 7.3.0-16ubuntu3)) #48-Ubuntu SMP Tue Jan 29 16:28:13 UTC 2019 (Ubuntu 4.15.0-45.48-generic 4.15.18)
[    0.000000] Command line: BOOT_IMAGE=/boot/vmlinuz-4.15.0-45-generic root=LABEL=cloudimg-rootfs ro console=tty1 console=ttyS0
[    0.000000] KERNEL supported cpus:
[    0.000000]   Intel GenuineIntel
[    0.000000]   AMD AuthenticAMD
[    0.000000]   Centaur CentaurHauls
[    0.000000] x86/fpu: Supporting XSAVE feature 0x001: 'x87 floating point registers'
[    0.000000] x86/fpu: Supporting XSAVE feature 0x002: 'SSE registers'
[    0.000000] x86/fpu: Supporting XSAVE feature 0x004: 'AVX registers'
[    0.000000] x86/fpu: xstate_offset[2]:  576, xstate_sizes[2]:  256
[    0.000000] x86/fpu: Enabled xstate features 0x7, context size is 832 bytes, using 'standard' format.
[    0.000000] e820: BIOS-provided physical RAM map:
[    0.000000] BIOS-e820: [mem 0x0000000000000000-0x000000000009fbff] usable
[    0.000000] BIOS-e820: [mem 0x000000000009fc00-0x000000000009ffff] reserved
[    0.000000] BIOS-e820: [mem 0x00000000000f0000-0x00000000000fffff] reserved
[    0.000000] BIOS-e820: [mem 0x0000000000100000-0x00000000dffeffff] usable
[    0.000000] BIOS-e820: [mem 0x00000000dfff0000-0x00000000dfffffff] ACPI data
[    0.000000] BIOS-e820: [mem 0x00000000fec00000-0x00000000fec00fff] reserved
[    0.000000] BIOS-e820: [mem 0x00000000fee00000-0x00000000fee00fff] reserved
[    0.000000] BIOS-e820: [mem 0x00000000fffc0000-0x00000000ffffffff] reserved
[    0.000000] BIOS-e820: [mem 0x0000000100000000-0x000000021fffffff] usable
[    0.000000] NX (Execute Disable) protection: active
[    0.000000] SMBIOS 2.5 present.
[    0.000000] DMI: innotek GmbH VirtualBox/VirtualBox, BIOS VirtualBox 12/01/2006
[    0.000000] Hypervisor detected: KVM
[    0.000000] e820: last_pfn = 0x220000 max_arch_pfn = 0x400000000
[    0.000000] MTRR: Disabled
[    0.000000] x86/PAT: MTRRs disabled, skipping PAT initialization too.
[    0.000000] CPU MTRRs all blank - virtualized system.
[    0.000000] x86/PAT: Configuration [0-7]: WB  WT  UC- UC  WB  WT  UC- UC  
[    0.000000] e820: last_pfn = 0xdfff0 max_arch_pfn = 0x400000000
[    0.000000] found SMP MP-table at [mem 0x0009fff0-0x0009ffff] mapped at [        (ptrval)]
[    0.000000] Scanning 1 areas for low memory corruption
[    0.000000] RAMDISK: [mem 0x35adf000-0x36d66fff]
[    0.000000] ACPI: Early table checksum verification disabled
[    0.000000] ACPI: RSDP 0x00000000000E0000 000024 (v02 VBOX  )
[    0.000000] ACPI: XSDT 0x00000000DFFF0030 00003C (v01 VBOX   VBOXXSDT 00000001 ASL  00000061)
[    0.000000] ACPI: FACP 0x00000000DFFF00F0 0000F4 (v04 VBOX   VBOXFACP 00000001 ASL  00000061)
[    0.000000] ACPI: DSDT 0x00000000DFFF0480 0022EA (v02 VBOX   VBOXBIOS 00000002 INTL 20100528)
[    0.000000] ACPI: FACS 0x00000000DFFF0200 000040
[    0.000000] ACPI: FACS 0x00000000DFFF0200 000040
[    0.000000] ACPI: APIC 0x00000000DFFF0240 00006C (v02 VBOX   VBOXAPIC 00000001 ASL  00000061)
[    0.000000] ACPI: SSDT 0x00000000DFFF02B0 0001CC (v01 VBOX   VBOXCPUT 00000002 INTL 20100528)
[    0.000000] No NUMA configuration found
[    0.000000] Faking a node at [mem 0x0000000000000000-0x000000021fffffff]
[    0.000000] NODE_DATA(0) allocated [mem 0x21ffd1000-0x21fffbfff]
[    0.000000] kvm-clock: cpu 0, msr 2:1ff50001, primary cpu clock
[    0.000000] kvm-clock: Using msrs 4b564d01 and 4b564d00
[    0.000000] kvm-clock: using sched offset of 3414538991 cycles
[    0.000000] clocksource: kvm-clock: mask: 0xffffffffffffffff max_cycles: 0x1cd42e4dffb, max_idle_ns: 881590591483 ns
[    0.000000] Zone ranges:
[    0.000000]   DMA      [mem 0x0000000000001000-0x0000000000ffffff]
[    0.000000]   DMA32    [mem 0x0000000001000000-0x00000000ffffffff]
[    0.000000]   Normal   [mem 0x0000000100000000-0x000000021fffffff]
[    0.000000]   Device   empty
[    0.000000] Movable zone start for each node
[    0.000000] Early memory node ranges
[    0.000000]   node   0: [mem 0x0000000000001000-0x000000000009efff]
[    0.000000]   node   0: [mem 0x0000000000100000-0x00000000dffeffff]
[    0.000000]   node   0: [mem 0x0000000100000000-0x000000021fffffff]
[    0.000000] Reserved but unavailable: 114 pages
[    0.000000] Initmem setup node 0 [mem 0x0000000000001000-0x000000021fffffff]
[    0.000000] ACPI: PM-Timer IO Port: 0x4008
[    0.000000] IOAPIC[0]: apic_id 4, version 32, address 0xfec00000, GSI 0-23
[    0.000000] ACPI: INT_SRC_OVR (bus 0 bus_irq 0 global_irq 2 dfl dfl)
[    0.000000] ACPI: INT_SRC_OVR (bus 0 bus_irq 9 global_irq 9 low level)
[    0.000000] Using ACPI (MADT) for SMP configuration information
[    0.000000] smpboot: Allowing 4 CPUs, 0 hotplug CPUs
[    0.000000] PM: Registered nosave memory: [mem 0x00000000-0x00000fff]
[    0.000000] PM: Registered nosave memory: [mem 0x0009f000-0x0009ffff]
[    0.000000] PM: Registered nosave memory: [mem 0x000a0000-0x000effff]
[    0.000000] PM: Registered nosave memory: [mem 0x000f0000-0x000fffff]
[    0.000000] PM: Registered nosave memory: [mem 0xdfff0000-0xdfffffff]
[    0.000000] PM: Registered nosave memory: [mem 0xe0000000-0xfebfffff]
[    0.000000] PM: Registered nosave memory: [mem 0xfec00000-0xfec00fff]
[    0.000000] PM: Registered nosave memory: [mem 0xfec01000-0xfedfffff]
[    0.000000] PM: Registered nosave memory: [mem 0xfee00000-0xfee00fff]
[    0.000000] PM: Registered nosave memory: [mem 0xfee01000-0xfffbffff]
[    0.000000] PM: Registered nosave memory: [mem 0xfffc0000-0xffffffff]
[    0.000000] e820: [mem 0xe0000000-0xfebfffff] available for PCI devices
[    0.000000] Booting paravirtualized kernel on KVM
[    0.000000] clocksource: refined-jiffies: mask: 0xffffffff max_cycles: 0xffffffff, max_idle_ns: 7645519600211568 ns
[    0.000000] random: get_random_bytes called from start_kernel+0x99/0x4fd with crng_init=0
[    0.000000] setup_percpu: NR_CPUS:8192 nr_cpumask_bits:4 nr_cpu_ids:4 nr_node_ids:1
[    0.000000] percpu: Embedded 46 pages/cpu @        (ptrval) s151552 r8192 d28672 u524288
[    0.000000] PV qspinlock hash table entries: 256 (order: 0, 4096 bytes)
[    0.000000] Built 1 zonelists, mobility grouping on.  Total pages: 2064249
[    0.000000] Policy zone: Normal
[    0.000000] Kernel command line: BOOT_IMAGE=/boot/vmlinuz-4.15.0-45-generic root=LABEL=cloudimg-rootfs ro console=tty1 console=ttyS0
[    0.000000] Memory: 8142616K/8388152K available (12300K kernel code, 2473K rwdata, 4252K rodata, 2408K init, 2416K bss, 245536K reserved, 0K cma-reserved)
[    0.000000] SLUB: HWalign=64, Order=0-3, MinObjects=0, CPUs=4, Nodes=1
[    0.000000] Kernel/User page tables isolation: enabled
[    0.000000] ftrace: allocating 39194 entries in 154 pages
[    0.004000] Hierarchical RCU implementation.
[    0.004000] 	RCU restricting CPUs from NR_CPUS=8192 to nr_cpu_ids=4.
[    0.004000] 	Tasks RCU enabled.
[    0.004000] RCU: Adjusting geometry for rcu_fanout_leaf=16, nr_cpu_ids=4
[    0.004000] NR_IRQS: 524544, nr_irqs: 456, preallocated irqs: 16
[    0.004000] Console: colour VGA+ 80x25
[    0.004000] console [tty1] enabled
[    0.004000] console [ttyS0] enabled
[    0.004000] ACPI: Core revision 20170831
[    0.004000] ACPI: 2 ACPI AML tables successfully acquired and loaded
[    0.004000] APIC: Switch to symmetric I/O mode setup
[    0.004000] x2apic enabled
[    0.004000] Switched APIC routing to physical x2apic.
[    0.004000] ..TIMER: vector=0x30 apic1=0 pin1=2 apic2=-1 pin2=-1
[    0.004004] tsc: Detected 1992.000 MHz processor
[    0.004826] Calibrating delay loop (skipped) preset value.. 3984.00 BogoMIPS (lpj=7968000)
[    0.005423] pid_max: default: 32768 minimum: 301
[    0.006261] Security Framework initialized
[    0.008001] Yama: becoming mindful.
[    0.008682] AppArmor: AppArmor initialized
[    0.013263] Dentry cache hash table entries: 1048576 (order: 11, 8388608 bytes)
[    0.018217] Inode-cache hash table entries: 524288 (order: 10, 4194304 bytes)
[    0.019525] Mount-cache hash table entries: 16384 (order: 5, 131072 bytes)
[    0.020013] Mountpoint-cache hash table entries: 16384 (order: 5, 131072 bytes)
[    0.021518] mce: CPU supports 0 MCE banks
[    0.022202] Last level iTLB entries: 4KB 64, 2MB 8, 4MB 8
[    0.023180] Last level dTLB entries: 4KB 64, 2MB 0, 4MB 0, 1GB 4
[    0.024002] Spectre V2 : Mitigation: Full generic retpoline
[    0.024902] Spectre V2 : Spectre v2 / SpectreRSB mitigation: Filling RSB on context switch
[    0.026251] Speculative Store Bypass: Vulnerable
[    0.027150] Freeing SMP alternatives memory: 36K
[    0.032000] smpboot: CPU0: Intel(R) Core(TM) i7-8550U CPU @ 1.80GHz (family: 0x6, model: 0x8e, stepping: 0xa)
[    0.032000] Performance Events: unsupported p6 CPU model 142 no PMU driver, software events only.
[    0.032000] Hierarchical SRCU implementation.
[    0.032486] NMI watchdog: Perf event create on CPU 0 failed with -2
[    0.033631] NMI watchdog: Perf NMI watchdog permanently disabled
[    0.036042] smp: Bringing up secondary CPUs ...
[    0.036975] x86: Booting SMP configuration:
[    0.037764] .... node  #0, CPUs:      #1
[    0.004000] kvm-clock: cpu 1, msr 2:1ff50041, secondary cpu clock
[    0.004000] mce: CPU supports 0 MCE banks
[    0.042237]  #2
[    0.004000] kvm-clock: cpu 2, msr 2:1ff50081, secondary cpu clock
[    0.004000] mce: CPU supports 0 MCE banks
[    0.046677]  #3
[    0.004000] kvm-clock: cpu 3, msr 2:1ff500c1, secondary cpu clock
[    0.004000] mce: CPU supports 0 MCE banks
[    0.050455] smp: Brought up 1 node, 4 CPUs
[    0.050455] smpboot: Max logical packages: 1
[    0.052003] smpboot: Total of 4 processors activated (15936.00 BogoMIPS)
[    0.053363] devtmpfs: initialized
[    0.053363] x86/mm: Memory block size: 128MB
[    0.054094] evm: security.selinux
[    0.056003] evm: security.SMACK64
[    0.056691] evm: security.SMACK64EXEC
[    0.057382] evm: security.SMACK64TRANSMUTE
[    0.058156] evm: security.SMACK64MMAP
[    0.058806] evm: security.apparmor
[    0.060005] evm: security.ima
[    0.060690] evm: security.capability
[    0.061357] clocksource: jiffies: mask: 0xffffffff max_cycles: 0xffffffff, max_idle_ns: 7645041785100000 ns
[    0.061891] futex hash table entries: 1024 (order: 4, 65536 bytes)
[    0.064089] pinctrl core: initialized pinctrl subsystem
[    0.064997] RTC time: 14:54:00, date: 02/23/19
[    0.066060] NET: Registered protocol family 16
[    0.066900] audit: initializing netlink subsys (disabled)
[    0.068046] audit: type=2000 audit(1550933646.024:1): state=initialized audit_enabled=0 res=1
[    0.069427] cpuidle: using governor ladder
[    0.069427] cpuidle: using governor menu
[    0.069699] ACPI: bus type PCI registered
[    0.072003] acpiphp: ACPI Hot Plug PCI Controller Driver version: 0.5
[    0.074197] PCI: Using configuration type 1 for base access
[    0.077296] HugeTLB registered 2.00 MiB page size, pre-allocated 0 pages
[    0.077414] ACPI: Added _OSI(Module Device)
[    0.080006] ACPI: Added _OSI(Processor Device)
[    0.080891] ACPI: Added _OSI(3.0 _SCP Extensions)
[    0.081723] ACPI: Added _OSI(Processor Aggregator Device)
[    0.082742] ACPI: Added _OSI(Linux-Dell-Video)
[    0.083607] ACPI: Added _OSI(Linux-Lenovo-NV-HDMI-Audio)
[    0.084003] ACPI: Added _OSI(Linux-HPI-Hybrid-Graphics)
[    0.085277] ACPI: Executed 1 blocks of module-level executable AML code
[    0.091727] ACPI: Interpreter enabled
[    0.092010] ACPI: (supports S0 S5)
[    0.092662] ACPI: Using IOAPIC for interrupt routing
[    0.093738] PCI: Using host bridge windows from ACPI; if necessary, use "pci=nocrs" and report a bug
[    0.095543] ACPI: Enabled 2 GPEs in block 00 to 07
[    0.102649] ACPI: PCI Root Bridge [PCI0] (domain 0000 [bus 00-ff])
[    0.104005] acpi PNP0A03:00: _OSC: OS supports [ASPM ClockPM Segments MSI]
[    0.105655] acpi PNP0A03:00: _OSC: not requesting OS control; OS requires [ExtendedConfig ASPM ClockPM MSI]
[    0.107412] acpi PNP0A03:00: fail to add MMCONFIG information, can't access extended PCI configuration space under this bridge.
[    0.108386] PCI host bridge to bus 0000:00
[    0.109169] pci_bus 0000:00: root bus resource [io  0x0000-0x0cf7 window]
[    0.112002] pci_bus 0000:00: root bus resource [io  0x0d00-0xffff window]
[    0.113216] pci_bus 0000:00: root bus resource [mem 0x000a0000-0x000bffff window]
[    0.114619] pci_bus 0000:00: root bus resource [mem 0xe0000000-0xfdffffff window]
[    0.116003] pci_bus 0000:00: root bus resource [bus 00-ff]
[    0.120191] pci 0000:00:01.1: legacy IDE quirk: reg 0x10: [io  0x01f0-0x01f7]
[    0.121334] pci 0000:00:01.1: legacy IDE quirk: reg 0x14: [io  0x03f6]
[    0.122407] pci 0000:00:01.1: legacy IDE quirk: reg 0x18: [io  0x0170-0x0177]
[    0.123703] pci 0000:00:01.1: legacy IDE quirk: reg 0x1c: [io  0x0376]
[    0.205133] pci 0000:00:07.0: quirk: [io  0x4000-0x403f] claimed by PIIX4 ACPI
[    0.206467] pci 0000:00:07.0: quirk: [io  0x4100-0x410f] claimed by PIIX4 SMB
[    0.237690] ACPI: PCI Interrupt Link [LNKA] (IRQs 5 9 10 *11)
[    0.240347] ACPI: PCI Interrupt Link [LNKB] (IRQs 5 9 *10 11)
[    0.241518] ACPI: PCI Interrupt Link [LNKC] (IRQs 5 *9 10 11)
[    0.242703] ACPI: PCI Interrupt Link [LNKD] (IRQs 5 9 10 *11)
[    0.244301] SCSI subsystem initialized
[    0.245034] pci 0000:00:02.0: vgaarb: setting as boot VGA device
[    0.245092] pci 0000:00:02.0: vgaarb: VGA device added: decodes=io+mem,owns=io+mem,locks=none
[    0.246591] pci 0000:00:02.0: vgaarb: bridge control possible
[    0.248002] vgaarb: loaded
[    0.248577] ACPI: bus type USB registered
[    0.249440] usbcore: registered new interface driver usbfs
[    0.250474] usbcore: registered new interface driver hub
[    0.252019] usbcore: registered new device driver usb
[    0.253033] EDAC MC: Ver: 3.0.0
[    0.253033] PCI: Using ACPI for IRQ routing
[    0.253040] NetLabel: Initializing
[    0.256002] NetLabel:  domain hash size = 128
[    0.256813] NetLabel:  protocols = UNLABELED CIPSOv4 CALIPSO
[    0.257868] NetLabel:  unlabeled traffic allowed by default
[    0.258971] clocksource: Switched to clocksource kvm-clock
[    0.268154] VFS: Disk quotas dquot_6.6.0
[    0.269082] VFS: Dquot-cache hash table entries: 512 (order 0, 4096 bytes)
[    0.270581] AppArmor: AppArmor Filesystem Enabled
[    0.271429] pnp: PnP ACPI init
[    0.273019] pnp: PnP ACPI: found 3 devices
[    0.283007] clocksource: acpi_pm: mask: 0xffffff max_cycles: 0xffffff, max_idle_ns: 2085701024 ns
[    0.284666] NET: Registered protocol family 2
[    0.285701] TCP established hash table entries: 65536 (order: 7, 524288 bytes)
[    0.288260] TCP bind hash table entries: 65536 (order: 8, 1048576 bytes)
[    0.289487] TCP: Hash tables configured (established 65536 bind 65536)
[    0.290739] UDP hash table entries: 4096 (order: 5, 131072 bytes)
[    0.291850] UDP-Lite hash table entries: 4096 (order: 5, 131072 bytes)
[    0.292953] NET: Registered protocol family 1
[    0.293685] pci 0000:00:00.0: Limiting direct PCI/PCI transfers
[    0.294709] pci 0000:00:01.0: Activating ISA DMA hang workarounds
[    0.295771] pci 0000:00:02.0: Video device with shadowed ROM at [mem 0x000c0000-0x000dffff]
[    0.297330] Unpacking initramfs...
[    0.525010] Freeing initrd memory: 18976K
[    0.525817] PCI-DMA: Using software bounce buffering for IO (SWIOTLB)
[    0.526882] software IO TLB [mem 0xdbff0000-0xdfff0000] (64MB) mapped at [        (ptrval)-        (ptrval)]
[    0.528628] platform rtc_cmos: registered platform RTC device (no PNP device found)
[    0.529912] Scanning for low memory corruption every 60 seconds
[    0.531663] Initialise system trusted keyrings
[    0.532540] Key type blacklist registered
[    0.533354] workingset: timestamp_bits=36 max_order=21 bucket_order=0
[    0.535405] zbud: loaded
[    0.536400] squashfs: version 4.0 (2009/01/31) Phillip Lougher
[    0.538750] fuse init (API version 7.26)
[    0.544735] Key type asymmetric registered
[    0.545469] Asymmetric key parser 'x509' registered
[    0.546335] Block layer SCSI generic (bsg) driver version 0.4 loaded (major 246)
[    0.547733] io scheduler noop registered
[    0.548498] io scheduler deadline registered
[    0.549322] io scheduler cfq registered (default)
[    0.550659] ACPI: AC Adapter [AC] (on-line)
[    0.551385] input: Power Button as /devices/LNXSYSTM:00/LNXPWRBN:00/input/input0
[    0.553001] ACPI: Power Button [PWRF]
[    0.553838] input: Sleep Button as /devices/LNXSYSTM:00/LNXSLPBN:00/input/input1
[    0.555349] ACPI: Sleep Button [SLPF]
[    0.557660] ACPI: Battery Slot [BAT0] (battery present)
[    0.558991] Serial: 8250/16550 driver, 32 ports, IRQ sharing enabled
	
 !"#$%&'()*+,-./0123456789:;<=>?@ABCDEFGHIJKLMNOPQRSTUVWXYZ[\]^_`abcdefghijklmnopqrstuvwxyz{|}~€‚ƒ„…†‡ˆ‰Š‹ŒŽ‘’“”•–—˜™š›œžŸ ¡¢£¤¥¦§¨©ª«¬­®¯°±²³´µ¶·¸¹º»¼½¾¿ÀÁÂÃÄÅÆÇÈÉÊËÌÍÎÏÐÑÒÓÔÕÖ×ØÙÚÛÜÝÞßàáâãäåæçèéêëìíîïðñòóôõö÷øùúûüýþÿ[    0.582433] 00:02: ttyS0 at I/O 0x3f8 (irq = 4, base_baud = 115200) is a 16550A
[    0.587665] Linux agpgart interface v0.103
[    0.591334] loop: module loaded
[    0.592444] scsi host0: ata_piix
[    0.593307] scsi host1: ata_piix
[    0.593929] ata1: PATA max UDMA/33 cmd 0x1f0 ctl 0x3f6 bmdma 0xd000 irq 14
[    0.595019] ata2: PATA max UDMA/33 cmd 0x170 ctl 0x376 bmdma 0xd008 irq 15
[    0.596246] libphy: Fixed MDIO Bus: probed
[    0.597043] tun: Universal TUN/TAP device driver, 1.6
[    0.598067] PPP generic driver version 2.4.2
[    0.599070] ehci_hcd: USB 2.0 'Enhanced' Host Controller (EHCI) Driver
[    0.600248] ehci-pci: EHCI PCI platform driver
[    0.601057] ehci-platform: EHCI generic platform driver
[    0.601978] ohci_hcd: USB 1.1 'Open' Host Controller (OHCI) Driver
[    0.603034] ohci-pci: OHCI PCI platform driver
[    0.603943] ohci-platform: OHCI generic platform driver
[    0.604890] uhci_hcd: USB Universal Host Controller Interface driver
[    0.606011] i8042: PNP: PS/2 Controller [PNP0303:PS2K,PNP0f03:PS2M] at 0x60,0x64 irq 1,12
[    0.607889] serio: i8042 KBD port at 0x60,0x64 irq 1
[    0.608807] serio: i8042 AUX port at 0x60,0x64 irq 12
[    0.609980] mousedev: PS/2 mouse device common for all mice
[    0.611733] rtc_cmos rtc_cmos: rtc core: registered rtc_cmos as rtc0
[    0.613052] input: AT Translated Set 2 keyboard as /devices/platform/i8042/serio0/input/input2
[    0.614550] rtc_cmos rtc_cmos: alarms up to one day, 114 bytes nvram
[    0.615758] i2c /dev entries driver
[    0.616585] pcie_mp2_amd: AMD(R) PCI-E MP2 Communication Driver Version: 1.0
[    0.617805] device-mapper: uevent: version 1.0.3
[    0.618795] device-mapper: ioctl: 4.37.0-ioctl (2017-09-20) initialised: dm-devel@redhat.com
[    0.620770] ledtrig-cpu: registered to indicate activity on CPUs
[    0.622541] NET: Registered protocol family 10
[    0.627690] Segment Routing with IPv6
[    0.628559] NET: Registered protocol family 17
[    0.629528] Key type dns_resolver registered
[    0.630905] RAS: Correctable Errors collector initialized.
[    0.631863] sched_clock: Marking stable (630867094, 0)->(1062288870, -431421776)
[    0.634469] registered taskstats version 1
[    0.635289] Loading compiled-in X.509 certificates
[    0.639668] Loaded X.509 cert 'Build time autogenerated kernel key: e3b8f44ffaaceef3e3a84cfaebd8e5a9acebeaad'
[    0.641461] zswap: loaded using pool lzo/zbud
[    1.145580] Key type big_key registered
[    1.146324] Key type trusted registered
[    1.148535] Key type encrypted registered
[    1.149246] AppArmor: AppArmor sha1 policy hashing enabled
[    1.150170] ima: No TPM chip found, activating TPM-bypass! (rc=-19)
[    1.151200] ima: Allocated hash algorithm: sha1
[    1.152026] evm: HMAC attrs: 0x1
[    1.152845]   Magic number: 7:80:941
[    1.153969] rtc_cmos rtc_cmos: setting system clock to 2019-02-23 14:54:02 UTC (1550933642)
[    1.155805] BIOS EDD facility v0.16 2004-Jun-25, 0 devices found
[    1.156906] EDD information not available.
[    1.159705] Freeing unused kernel memory: 2408K
[    1.180975] Write protecting the kernel read-only data: 20480k
[    1.182564] Freeing unused kernel memory: 2008K
[    1.186864] Freeing unused kernel memory: 1892K
[    1.194820] x86/mm: Checked W+X mappings: passed, no W+X pages found.
[    1.195982] x86/mm: Checking user space page tables
[    1.203378] x86/mm: Checked W+X mappings: passed, no W+X pages found.
Loading, please wait...
starting version 237
[    1.256918] Fusion MPT base driver 3.04.20
[    1.257719] Copyright (c) 1999-2008 LSI Corporation
[    1.258807] e1000: Intel(R) PRO/1000 Network Driver - version 7.3.21-k8-NAPI
[    1.260482] e1000: Copyright (c) 1999-2006 Intel Corporation.
[    1.263919] Fusion MPT SPI Host driver 3.04.20
[    1.270218] AVX2 version of gcm_enc/dec engaged.
[    1.271120] AES CTR mode by8 optimization enabled
[    1.465397] input: ImExPS/2 Generic Explorer Mouse as /devices/platform/i8042/serio1/input/input4
[    1.536152] tsc: Refined TSC clocksource calibration: 1990.943 MHz
[    1.537315] clocksource: tsc: mask: 0xffffffffffffffff max_cycles: 0x39658518983, max_idle_ns: 881590505915 ns
[    2.336319] e1000 0000:00:03.0 eth0: (PCI:33MHz:32-bit) 02:1f:b0:67:a7:0c
[    2.337708] e1000 0000:00:03.0 eth0: Intel(R) PRO/1000 Network Connection
[    2.340374] e1000 0000:00:03.0 enp0s3: renamed from eth0
[    2.340391] mptbase: ioc0: Initiating bringup
[    2.644926] ioc0: LSI53C1030 A0: Capabilities={Initiator}
[    3.505361] scsi host2: ioc0: LSI53C1030 A0, FwRev=00000000h, Ports=1, MaxQ=256, IRQ=20
[    4.099727] scsi 2:0:0:0: Direct-Access     VBOX     HARDDISK         1.0  PQ: 0 ANSI: 5
[    4.512948] scsi target2:0:0: Beginning Domain Validation
[    4.527591] scsi target2:0:0: Domain Validation skipping write tests
[    4.532279] scsi target2:0:0: Ending Domain Validation
[    4.536184] scsi target2:0:0: asynchronous
[    4.540476] scsi 2:0:1:0: Direct-Access     VBOX     HARDDISK         1.0  PQ: 0 ANSI: 5
[    4.899360] scsi target2:0:1: Beginning Domain Validation
[    4.912402] random: fast init done
[    4.917134] scsi target2:0:1: Domain Validation skipping write tests
[    4.921703] scsi target2:0:1: Ending Domain Validation
[    4.929270] scsi target2:0:1: asynchronous
[    4.942837] random: systemd-udevd: uninitialized urandom read (16 bytes read)
[    4.942893] sd 2:0:0:0: Attached scsi generic sg0 type 0
[    4.946443] random: systemd-udevd: uninitialized urandom read (16 bytes read)
[    4.948307] random: systemd-udevd: uninitialized urandom read (16 bytes read)
[    4.948362] sd 2:0:1:0: Attached scsi generic sg1 type 0
[    4.950060] sd 2:0:0:0: [sda] 20971520 512-byte logical blocks: (10.7 GB/10.0 GiB)
[    4.951233] sd 2:0:0:0: [sda] Write Protect is off
[    4.954097] sd 2:0:1:0: [sdb] 20480 512-byte logical blocks: (10.5 MB/10.0 MiB)
[    4.955598] sd 2:0:0:0: [sda] Incomplete mode parameter data
[    4.956754] sd 2:0:0:0: [sda] Assuming drive cache: write through
[    4.957939] sd 2:0:1:0: [sdb] Write Protect is off
[    4.959234] sd 2:0:1:0: [sdb] Incomplete mode parameter data
[    4.960196] sd 2:0:1:0: [sdb] Assuming drive cache: write through
[    4.964716]  sda: sda1
[    4.966642] sd 2:0:0:0: [sda] Attached SCSI disk
[    4.968265] sd 2:0:1:0: [sdb] Attached SCSI disk
Begin: Loading essential drivers ... [    6.540778] raid6: sse2x1   gen() 11916 MB/s
[    6.588177] raid6: sse2x1   xor()  8579 MB/s
[    6.636316] raid6: sse2x2   gen() 15803 MB/s
[    6.684332] raid6: sse2x2   xor() 10408 MB/s
[    6.732367] raid6: sse2x4   gen() 17747 MB/s
[    6.788679] raid6: sse2x4   xor()  9231 MB/s
[    6.836769] raid6: avx2x1   gen() 25629 MB/s
[    6.884299] raid6: avx2x1   xor() 17958 MB/s
[    6.932357] raid6: avx2x2   gen() 31799 MB/s
[    6.980351] raid6: avx2x2   xor() 17583 MB/s
[    7.028453] raid6: avx2x4   gen() 37059 MB/s
[    7.076449] raid6: avx2x4   xor() 21305 MB/s
[    7.077174] raid6: using algorithm avx2x4 gen() 37059 MB/s
[    7.078089] raid6: .... xor() 21305 MB/s, rmw enabled
[    7.078934] raid6: using avx2x2 recovery algorithm
[    7.081928] xor: automatically using best checksumming function   avx       
[    7.086505] async_tx: api initialized (async)
done.
Begin: Running /scripts/init-premount ... done.
Begin: Mounting root file system ... Begin: Running /scripts/local-top ... done.
Begin: Running /scripts/local-premount ... [    7.129406] Btrfs loaded, crc32c=crc32c-intel
Scanning for Btrfs filesystems
done.
Warning: fsck not present, so skipping root file system
[    7.153006] EXT4-fs (sda1): mounted filesystem with ordered data mode. Opts: (null)
done.
Begin: Running /scripts/local-bottom ... done.
Begin: Running /scripts/init-bottom ... done.
[    7.318122] ip_tables: (C) 2000-2006 Netfilter Core Team
[    7.324849] systemd[1]: systemd 237 running in system mode. (+PAM +AUDIT +SELINUX +IMA +APPARMOR +SMACK +SYSVINIT +UTMP +LIBCRYPTSETUP +GCRYPT +GNUTLS +ACL +XZ +LZ4 +SECCOMP +BLKID +ELFUTILS +KMOD -IDN2 +IDN -PCRE2 default-hierarchy=hybrid)
[    7.328196] systemd[1]: Detected virtualization oracle.
[    7.329464] systemd[1]: Detected architecture x86-64.

Welcome to [1mUbuntu 18.04.2 LTS[0m!

[    7.843203] systemd[1]: Set hostname to <ubuntu>.
[    7.848191] systemd[1]: Initializing machine ID from random generator.
[    7.849292] systemd[1]: Installed transient /etc/machine-id file.
[    8.542653] systemd[1]: Created slice User and Session Slice.
[[0;32m  OK  [0m] Created slice User and Session Slice.
[    8.544162] systemd[1]: Reached target User and Group Name Lookups.
[[0;32m  OK  [0m] Reached target User and Group Name Lookups.
[    8.545785] systemd[1]: Reached target Swap.
[[0;32m  OK  [0m] Reached target Swap.
[    8.559066] systemd[1]: Reached target System Time Synchronized.
[[0;32m  OK  [0m] Reached target System Time Synchronized.
[[0;32m  OK  [0m] Set up automount Arbitrary Executabâ€¦rmats File System Automount Point.
[[0;32m  OK  [0m] Created slice System Slice.
[[0;32m  OK  [0m] Listening on Device-mapper event daemon FIFOs.
[[0;32m  OK  [0m] Listening on Journal Socket.
[[0;32m  OK  [0m] Listening on LVM2 poll daemon socket.
         Mounting Huge Pages File System...
[[0;32m  OK  [0m] Listening on /dev/initctl Compatibility Named Pipe.
         Starting Uncomplicated firewall...
         Starting Load Kernel Modules...
         Mounting Kernel Debug File System...
[[0;32m  OK  [0m] Listening on udev Kernel Socket.
         Starting Remount Root and Kernel File Systems...
[[0;32m  OK  [0m] Listening on LVM2 metadata daemon socket.
[[0;32m  OK  [0m] Listening on Journal Audit Socket.
         Starting Create list of required stâ€¦ce nodes for the current kernel...
[[0;32m  OK  [0m] Listening on udev Control Socket.
[    8.658946] Loading iSCSI transport class v2.0-870.
         Starting udev Coldplug all Devices...
         Starting Monitoring of LVM2 mirrorsâ€¦ng dmeventd or progress polling...
[    8.665295] iscsi: registered transport (tcp)
[[0;32m  OK  [0m] Reached target Slices.
[[0;32m  OK  [0m] Listening on Network Service Netlink Socket.
[[0;32m  OK  [0m] Listening on Journal Socket (/dev/log).
[[0;32m  OK  [0m] Started Forward Password Requests to Wall Directory Watch.
[[0;32m  OK  [0m] Listening on Syslog Socket.
         Starting Journal Service...
[[0;32m  OK  [0m] Created slice system-serial\x2dgetty.slice.
         Mounting POSIX Message Queue File System...
         Starting Set the console keyboard layout...
[[0;32m  OK  [0m] Started Uncomplicated firewall.
[[0;32m  OK  [0m] Started Create list of required staâ€¦vice nodes for the current kernel.
         Starting Create Static Device Nodes in /dev...
[    9.237636] iscsi: registered transport (iser)
[[0;32m  OK  [0m] Started Load Kernel Modules.
         Mounting Kernel Configuration File System...
         Starting Apply Kernel Variables...
         Mounting FUSE Control File System...
[[0;32m  OK  [0m] Started udev Coldplug all Devices.
[[0;32m  OK  [0m] Started Journal Service.
[[0;32m  OK  [0m] Started Create Static Device Nodes in /dev.
[[0;32m  OK  [0m] Started Apply Kernel Variables.
[[0;32m  OK  [0m] Mounted Huge Pages File System.
[[0;32m  OK  [0m] Mounted Kernel Debug File System.
[[0;32m  OK  [0m] Started Remount Root and Kernel File Systems.
[[0;32m  OK  [0m] Mounted POSIX Message Queue File System.
[[0;32m  OK  [0m] Mounted Kernel Configuration File System.
[[0;32m  OK  [0m] Mounted FUSE Control File System.
         Starting udev Kernel Device Manager...
         Starting Flush Journal to Persistent Storage...
         Starting Load/Save Random Seed...
         Starting Initial cloud-init job (pre-networking)...
[[0;32m  OK  [0m] Started LVM2 metadata daemon.
[[0;32m  OK  [0m] Started udev Kernel Device Manager.
[[0;32m  OK  [0m] Started Load/Save Random Seed.
[[0;32m  OK  [0m] Started Set the console keyboard layout.
[[0;32m  OK  [0m] Started Dispatch Password Requests to Console Directory Watch.
[[0;32m  OK  [0m] Reached target Local Encrypted Volumes.
[[0;32m  OK  [0m] Started Flush Journal to Persistent Storage.
[[0;32m  OK  [0m] Found device /dev/ttyS0.
[[0;32m  OK  [0m] Started Monitoring of LVM2 mirrors,â€¦sing dmeventd or progress polling.
[[0;32m  OK  [0m] Reached target Local File Systems (Pre).
[[0;32m  OK  [0m] Reached target Local File Systems.
         Starting ebtables ruleset management...
         Starting Set console font and keymap...
         Starting Commit a transient machine-id on disk...
         Starting AppArmor initialization...
         Starting Create Volatile Files and Directories...
         Starting Tell Plymouth To Write Out Runtime Data...
[[0;32m  OK  [0m] Started Set console font and keymap.
[[0;32m  OK  [0m] Started Tell Plymouth To Write Out Runtime Data.
[[0;32m  OK  [0m] Started Create Volatile Files and Directories.
         Starting Update UTMP about System Boot/Shutdown...
[[0;32m  OK  [0m] Started Update UTMP about System Boot/Shutdown.
[[0;32m  OK  [0m] Started Commit a transient machine-id on disk.
[[0;32m  OK  [0m] Listening on Load/Save RF Kill Switch Status /dev/rfkill Watch.
[[0;32m  OK  [0m] Started ebtables ruleset management.
[   11.570272] cloud-init[448]: Cloud-init v. 18.4-0ubuntu1~18.04.1 running 'init-local' at Sat, 23 Feb 2019 14:54:12 +0000. Up 11.19 seconds.
[[0;32m  OK  [0m] Started AppArmor initialization.
[[0;32m  OK  [0m] Started Initial cloud-init job (pre-networking).
[[0;32m  OK  [0m] Reached target Network (Pre).
         Starting Network Service...
[[0;32m  OK  [0m] Started Network Service.
         Starting Wait for Network to be Configured...
         Starting Network Name Resolution...
[[0;32m  OK  [0m] Started Network Name Resolution.
[[0;32m  OK  [0m] Reached target Host and Network Name Lookups.
[[0;32m  OK  [0m] Reached target Network.
[[0;32m  OK  [0m] Started Wait for Network to be Configured.
         Starting Initial cloud-init job (metadata service crawler)...
[   13.773166] cloud-init[673]: Cloud-init v. 18.4-0ubuntu1~18.04.1 running 'init' at Sat, 23 Feb 2019 14:54:14 +0000. Up 13.56 seconds.
[   13.790382] cloud-init[673]: ci-info: ++++++++++++++++++++++++++++++++++++++Net device info++++++++++++++++++++++++++++++++++++++
[   13.800535] cloud-init[673]: ci-info: +--------+------+----------------------------+---------------+--------+-------------------+
[   13.801677] cloud-init[673]: ci-info: | Device |  Up  |          Address           |      Mask     | Scope  |     Hw-Address    |
[   13.812508] cloud-init[673]: ci-info: +--------+------+----------------------------+---------------+--------+-------------------+
[   13.814389] cloud-init[673]: ci-info: | enp0s3 | True |         10.0.2.15          | 255.255.255.0 | global | 02:1f:b0:67:a7:0c |
[   13.815585] cloud-init[673]: ci-info: | enp0s3 | True | fe80::1f:b0ff:fe67:a70c/64 |       .       |  link  | 02:1f:b0:67:a7:0c |
[   13.817133] cloud-init[673]: ci-info: |   lo   | True |         127.0.0.1          |   255.0.0.0   |  host  |         .         |
[   13.828300] cloud-init[673]: ci-info: |   lo   | True |          ::1/128           |       .       |  host  |         .         |
[   13.829656] cloud-init[673]: ci-info: +--------+------+----------------------------+---------------+--------+-------------------+
[   13.830817] cloud-init[673]: ci-info: ++++++++++++++++++++++++++++Route IPv4 info+++++++++++++++++++++++++++++
[   13.831397] cloud-init[673]: ci-info: +-------+-------------+----------+-----------------+-----------+-------+
[   13.832324] cloud-init[673]: ci-info: | Route | Destination | Gateway  |     Genmask     | Interface | Flags |
[   13.833404] cloud-init[673]: ci-info: +-------+-------------+----------+-----------------+-----------+-------+
[   13.834293] cloud-init[673]: ci-info: |   0   |   0.0.0.0   | 10.0.2.2 |     0.0.0.0     |   enp0s3  |   UG  |
[   13.835176] cloud-init[673]: ci-info: |   1   |   10.0.2.0  | 0.0.0.0  |  255.255.255.0  |   enp0s3  |   U   |
[   13.836214] cloud-init[673]: ci-info: |   2   |   10.0.2.2  | 0.0.0.0  | 255.255.255.255 |   enp0s3  |   UH  |
[   13.837287] cloud-init[673]: ci-info: +-------+-------------+----------+-----------------+-----------+-------+
[   13.848232] cloud-init[673]: ci-info: +++++++++++++++++++Route IPv6 info+++++++++++++++++++
[   13.849594] cloud-init[673]: ci-info: +-------+-------------+---------+-----------+-------+
[   13.864431] cloud-init[673]: ci-info: | Route | Destination | Gateway | Interface | Flags |
[   13.865590] cloud-init[673]: ci-info: +-------+-------------+---------+-----------+-------+
[   13.866757] cloud-init[673]: ci-info: |   1   |  fe80::/64  |    ::   |   enp0s3  |   U   |
[   13.867559] cloud-init[673]: ci-info: |   3   |    local    |    ::   |   enp0s3  |   U   |
[   13.868422] cloud-init[673]: ci-info: |   4   |   ff00::/8  |    ::   |   enp0s3  |   U   |
[   13.869229] cloud-init[673]: ci-info: +-------+-------------+---------+-----------+-------+
[   14.385329] cloud-init[673]: Generating public/private rsa key pair.
[   14.386085] cloud-init[673]: Your identification has been saved in /etc/ssh/ssh_host_rsa_key.
[   14.386975] cloud-init[673]: Your public key has been saved in /etc/ssh/ssh_host_rsa_key.pub.
[   14.400219] cloud-init[673]: The key fingerprint is:
[   14.401021] cloud-init[673]: SHA256:FEsDw/WFdpLQ76hYsSMAg68cfGQtP3mMxikhNg4NUp4 root@ubuntu-bionic
[   14.402080] cloud-init[673]: The key's randomart image is:
[   14.402749] cloud-init[673]: +---[RSA 2048]----+
[   14.403377] cloud-init[673]: |o=. ..oo*o o.    |
[   14.403966] cloud-init[673]: |+=+* ..o =*..    |
[   14.404637] cloud-init[673]: |=.Eo= = o..+     |
[   14.405285] cloud-init[673]: | +.o.O +.   .    |
[   14.405917] cloud-init[673]: |..o o.o So o     |
[   14.406503] cloud-init[673]: |..    . + . .    |
[   14.407109] cloud-init[673]: |       + o       |
[   14.407672] cloud-init[673]: |      . .        |
[   14.408373] cloud-init[673]: |                 |
[   14.408895] cloud-init[673]: +----[SHA256]-----+
[   14.409753] cloud-init[673]: Generating public/private dsa key pair.
[   14.410521] cloud-init[673]: Your identification has been saved in /etc/ssh/ssh_host_dsa_key.
[   14.411865] cloud-init[673]: Your public key has been saved in /etc/ssh/ssh_host_dsa_key.pub.
[   14.413212] cloud-init[673]: The key fingerprint is:
[   14.414052] cloud-init[673]: SHA256:pFftp8mSZmttM30Z8ZDJn+ywEtdI6nBKsCa7Gxq7BRU root@ubuntu-bionic
[   14.415336] cloud-init[673]: The key's randomart image is:
[   14.416228] cloud-init[673]: +---[DSA 1024]----+
[   14.428391] cloud-init[673]: |     E           |
[   14.429096] cloud-init[673]: |      .    .     |
[   14.429671] cloud-init[673]: |     .  . . .. o |
[   14.430219] cloud-init[673]: |    .  + . . .=. |
[   14.440394] cloud-init[673]: |   .  . S   + =o+|
[   14.441536] cloud-init[673]: |    .. + o * B =o|
[   14.452680] cloud-init[673]: |   . o+ . X.*.+ o|
[   14.453207] cloud-init[673]: |    =..  +.==..o.|
[   14.453639] cloud-init[673]: |   +.oo  ....o . |
[[0;32m  OK  [0m[   14.468249] cloud-init[673]: +----[SHA256]-----+
] [   14.468495] cloud-init[673]: Generating public/private ecdsa key pair.
Started Initial cloud-init job (metadata service crawler).[   14.469023] cloud-init[673]: Your identification has been saved in /etc/ssh/ssh_host_ecdsa_key.

[   14.469568] cloud-init[673]: Your public key has been saved in /etc/ssh/ssh_host_ecdsa_key.pub.
[   14.470083] cloud-init[673]: The key fingerprint is:
[   14.470530] cloud-init[673]: SHA256:w/Z+z/r2v4/N9jFF5/xLxBKKAp3raoJJhYeij27lFOE root@ubuntu-bionic
[   14.470874] cloud-init[673]: The key's randomart image is:
[   14.471329] cloud-init[673]: +---[ECDSA 256]---+
[   14.471829] cloud-init[673]: |                 |
[   14.472600] cloud-init[673]: |   .  . .        |
[   14.472920] cloud-init[673]: |  + .. o     .  o|
[   14.473251] cloud-init[673]: |.o E  ... . . o+.|
[   14.473310] cloud-init[673]: |o o .  oS. . . o+|
[   14.473420] cloud-init[673]: |.. o  ...o    o o|
[   14.473627] cloud-init[673]: |.o*    .  .    +.|
[   14.476941] cloud-init[673]: |.+.o ..  .  ..o+=|
[[   14.477584] cloud-init[673]: |o.  o.    ...===%|
[0;32m  OK  [0m[   14.477734] cloud-init[673]: +----[SHA256]-----+
] [   14.478149] cloud-init[673]: Generating public/private ed25519 key pair.
Reached target System Initialization.[   14.480885] cloud-init[673]: Your identification has been saved in /etc/ssh/ssh_host_ed25519_key.

[   14.481576] cloud-init[673]: Your public key has been saved in /etc/ssh/ssh_host_ed25519_key.pub.
[[   14.483630] cloud-init[673]: The key fingerprint is:
[0;32m  OK  [0m[   14.483831] cloud-init[673]: SHA256:fXNlqUADfa/MUffPnU2TsGqlg09/HukzR1SXOsEazQA root@ubuntu-bionic
] [   14.484931] cloud-init[673]: The key's randomart image is:
Started Daily Cleanup of Temporary Directories.[   14.485813] cloud-init[673]: +--[ED25519 256]--+

[   14.487134] cloud-init[673]: |         E++=   .|
[   14.488822] cloud-init[673]: |          .o.B o=|
[[   14.501160] cloud-init[673]: |           .+ B.O|[0;32m  OK  [0m
] Listening on Open-iSCSI iscsid Socket.
[   14.501251] cloud-init[673]: |         . ..*.*+|
[[0;32m  OK  [0m[   14.516998] cloud-init[673]: |        S o O.=+*|
] [   14.517351] cloud-init[673]: |         . B * .B|
Started Daily apt download activities.
[   14.517857] cloud-init[673]: |          + o  + |
[   14.528271] cloud-init[673]: |           . ..+o|
         [   14.528340] cloud-init[673]: |              oo+|
Starting Socket activation for snappy daemon.[   14.528392] cloud-init[673]: +----[SHA256]-----+

[[0;32m  OK  [0m] Started Message of the Day.
[[0;32m  OK  [0m] Started ACPI Events Check.
[[0;32m  OK  [0m] Reached target Paths.
[[0;32m  OK  [0m] Listening on D-Bus System Message Bus Socket.
[[0;32m  OK  [0m] Listening on UUID daemon activation socket.
[[0;32m  OK  [0m] Listening on ACPID Listen Socket.
[[0;32m  OK  [0m] Started Discard unused blocks once a week.
[[0;32m  OK  [0m] Started Daily apt upgrade and clean activities.
[[0;32m  OK  [0m] Reached target Timers.
         Starting LXD - unix socket.
[[0;32m  OK  [0m] Reached target Network is Online.
[[0;32m  OK  [0m] Reached target Remote File Systems (Pre).
[[0;32m  OK  [0m] Reached target Remote File Systems.
         Starting Availability of block devices...
[[0;32m  OK  [0m] Reached target Cloud-config availability.
[[0;32m  OK  [0m] Listening on Socket activation for snappy daemon.
[[0;32m  OK  [0m] Listening on LXD - unix socket.
[[0;32m  OK  [0m] Reached target Sockets.
[[0;32m  OK  [0m] Reached target Basic System.
[[0;32m  OK  [0m] Started D-Bus System Message Bus.
         Starting LXD - container startup/shutdown...
         Starting Snappy daemon...
         Starting Login Service...
         Starting LSB: automatic crash report generation...
         Starting System Logging Service...
[[0;32m  OK  [0m] Started Regular background program processing daemon.
[[0;32m  OK  [0m] Started irqbalance daemon.
         Starting Virtualbox guest utils...
         Starting Dispatcher daemon for systemd-networkd...
[[0;32m  OK  [0m] Started Deferred execution scheduler.
         Starting LSB: Record successful boot for GRUB...
         Starting Accounts Service...
         Starting Permit User Sessions...
[[0;32m  OK  [0m] Started FUSE filesystem for LXC.
         Starting Pollinate to seed the pseudo random number generator...
[[0;32m  OK  [0m] Started System Logging Service.
[[0;32m  OK  [0m] Started Availability of block devices.
[[0;32m  OK  [0m] Started LXD - container startup/shutdown.
[[0;32m  OK  [0m] Started Permit User Sessions.
[[0;32m  OK  [0m] Started Login Service.
[[0;32m  OK  [0m] Started Unattended Upgrades Shutdown.
         Starting Terminate Plymouth Boot Screen...
         Starting Hold until boot process finishes up...
[[0;32m  OK  [0m] Started Hold until boot process finishes up.
         Starting Set console scheme...
[[0;32m  OK  [0m] Started Serial Getty on ttyS0.
[[0;32m  OK  [0m] Started Terminate Plymouth Boot Screen.
[[0;32m  OK  [0m] Started Set console scheme.
[[0;32m  OK  [0m] Created slice system-getty.slice.
[[0;32m  OK  [0m] Started Getty on tty1.
[[0;32m  OK  [0m] Reached target Login Prompts.
[[0;32m  OK  [0m] Started LSB: automatic crash report generation.
         Starting Authorization Manager...
[[0;32m  OK  [0m] Started LSB: Record successful boot for GRUB.
[[0;32m  OK  [0m] Started Virtualbox guest utils.
[[0;32m  OK  [0m] Started Snappy daemon.
         Starting Wait until snapd is fully seeded...
[[0;32m  OK  [0m] Started Authorization Manager.
[[0;32m  OK  [0m] Started Accounts Service.
[[0;32m  OK  [0m] Started Dispatcher daemon for systemd-networkd.
[[0;32m  OK  [0m] Started Pollinate to seed the pseudo random number generator.
         Starting OpenBSD Secure Shell server...
[[0;32m  OK  [0m] Started OpenBSD Secure Shell server.
[[0;32m  OK  [0m] Created slice User Slice of vagrant.
         Starting User Manager for UID 1000...
[[0;32m  OK  [0m] Started Session 1 of user vagrant.
[[0;32m  OK  [0m] Started Wait until snapd is fully seeded.
         Starting Apply the settings specified in cloud-config...
[[0;32m  OK  [0m] Reached target Multi-User System.
[[0;32m  OK  [0m] Reached target Graphical Interface.
         Starting Update UTMP about System Runlevel Changes...
[[0;32m  OK  [0m] Started User Manager for UID 1000.
[[0;32m  OK  [0m] Started Update UTMP about System Runlevel Changes.
[   18.574436] cloud-init[1279]: Cloud-init v. 18.4-0ubuntu1~18.04.1 running 'modules:config' at Sat, 23 Feb 2019 14:54:19 +0000. Up 18.07 seconds.
[[0;32m  OK  [0m] Started Apply the settings specified in cloud-config.
         Starting Execute cloud user/final scripts...
ci-info: no authorized ssh keys fingerprints found for user ubuntu.
<14>Feb 23 14:54:20 ec2: 
<14>Feb 23 14:54:20 ec2: #############################################################
<14>Feb 23 14:54:20 ec2: -----BEGIN SSH HOST KEY FINGERPRINTS-----
<14>Feb 23 14:54:20 ec2: 1024 SHA256:pFftp8mSZmttM30Z8ZDJn+ywEtdI6nBKsCa7Gxq7BRU root@ubuntu-bionic (DSA)
<14>Feb 23 14:54:20 ec2: 256 SHA256:w/Z+z/r2v4/N9jFF5/xLxBKKAp3raoJJhYeij27lFOE root@ubuntu-bionic (ECDSA)
<14>Feb 23 14:54:20 ec2: 256 SHA256:fXNlqUADfa/MUffPnU2TsGqlg09/HukzR1SXOsEazQA root@ubuntu-bionic (ED25519)
<14>Feb 23 14:54:20 ec2: 2048 SHA256:FEsDw/WFdpLQ76hYsSMAg68cfGQtP3mMxikhNg4NUp4 root@ubuntu-bionic (RSA)
<14>Feb 23 14:54:20 ec2: -----END SSH HOST KEY FINGERPRINTS-----
<14>Feb 23 14:54:20 ec2: #############################################################
-----BEGIN SSH HOST KEY KEYS-----
ecdsa-sha2-nistp256 AAAAE2VjZHNhLXNoYTItbmlzdHAyNTYAAAAIbmlzdHAyNTYAAABBBIWUZqD5O5HOZJPBREuqN9SJozM1r0b1uPR19Ed/f1Li/c8THGaZd57/WkOnBoI/GqzHbB8yE/uZzR5tCND2HoU= root@ubuntu-bionic
ssh-ed25519 AAAAC3NzaC1lZDI1NTE5AAAAIGq3N8QwYx/O3qO3UyF+PiibkC3OSPE3FI/8PUr4vmza root@ubuntu-bionic
ssh-rsa AAAAB3NzaC1yc2EAAAADAQABAAABAQDTAGeUEVhkoL/EIeC+l+SOqBek0ONbNIGBUd+/G/zXJO2C7/q4kH1S0w+W0ZSWJX3Yc5qskb4uk00X7P67lXVXjUngBZopwYVepzyIXfJFc+DkC/YKaihJ2zhBy8DraqEtOMlFtcnjXBz0ZyeFhFr5Oj1q+pndaSHCK7y884+5iszyN6goEKhkLmcvU0/jKQU+Ibzf6ObnzEgSI8j2iuiH5DkwGXlESQNLToA7c7DT3rYAVmu47khQeF3ZeDqQg38l0Rz5LJ/SGzTsTlGFmb815VVZW5hZCgRTFJE69encKpqRfi+trGK8gISoHeME43/6KJRk2b+XSlfo79SIRH8Z root@ubuntu-bionic
-----END SSH HOST KEY KEYS-----
[   19.353967] cloud-init[1388]: Cloud-init v. 18.4-0ubuntu1~18.04.1 running 'modules:final' at Sat, 23 Feb 2019 14:54:20 +0000. Up 19.12 seconds.
[   19.355496] cloud-init[1388]: ci-info: no authorized ssh keys fingerprints found for user ubuntu.
[   19.356847] cloud-init[1388]: Cloud-init v. 18.4-0ubuntu1~18.04.1 finished at Sat, 23 Feb 2019 14:54:20 +0000. Datasource DataSourceNoCloud [seed=/dev/sdb][dsmode=net].  Up 19.33 seconds
[[0;32m  OK  [0m] Started Execute cloud user/final scripts.
[[0;32m  OK  [0m] Reached target Cloud-init target.

Ubuntu 18.04.2 LTS ubuntu-bionic ttyS0

ubuntu-bionic login:          Stopping User Manager for UID 1000...
         Stopping Session 5 of user vagrant.
         Stopping Authorization Manager...
         Stopping Availability of block devices...
[[0;32m  OK  [0m] Stopped target Cloud-init target.
[[0;32m  OK  [0m] Stopped Execute cloud user/final scripts.
[[0;32m  OK  [0m] Stopped Apply the settings specified in cloud-config.
[[0;32m  OK  [0m] Stopped target Cloud-config availability.
[[0;32m  OK  [0m] Stopped target Timers.
[[0;32m  OK  [0m] Stopped Daily apt upgrade and clean activities.
[[0;32m  OK  [0m] Stopped Daily apt download activities.
[[0;32m  OK  [0m] Stopped Discard unused blocks once a week.
[[0;32m  OK  [0m] Stopped target System Time Synchronized.
[[0;32m  OK  [0m] Stopped Message of the Day.
[[0;32m  OK  [0m] Stopped Daily Cleanup of Temporary Directories.
[[0;32m  OK  [0m] Stopped target Graphical Interface.
         Stopping Accounts Service...
[[0;32m  OK  [0m] Stopped target Multi-User System.
         Stopping LSB: Record successful boot for GRUB...
         Stopping FUSE filesystem for LXC...
[[0;32m  OK  [0m] Stopped Wait until snapStopping Serial Getty on ttyS0...
         Stopping LXD - container startup/shutdown...
         Stopping Regular background program processing daemon...
         Stopping OpenBSD Secure Shell server...
         Stopping Dispatcher daemon for systemd-networkd...
         Stopping Deferred execution scheduler...
         Stopping Virtualbox guest utils...
         Stopping Getty on tty1...
         Stopping LSB: automatic crash report generation...
         Stopping System Logging Service...
[[0;32m  OK  [0m] Stopped target Network is Online.
         Stopping irqbalance daemon...
[[0;32m  OK  [0m] Stopped target Host and Network Name Lookups.
[[0;32m  OK  [0m] Closed Load/Save RF Kill Switch Status /dev/rfkill Watch.
         Stopping D-Bus System Message Bus...
[[0;32m  OK  [0m] Unmounted /var/lib/lxcfs.
[[0;32m  OK  [0m] Stopped System Logging Service.
[[0;32m  OK  [0m] Stopped Regular background program processing daemon.
[[0;32m  OK  [0m] Stopped irqbalance daemon.
[[0;32m  OK  [0m] Stopped Dispatcher daemon for systemd-networkd.
[[0;32m  OK  [0m] Stopped Deferred execution scheduler.
[[0;32m  OK  [0m] Stopped Accounts Service.
[[0;32m  OK  [0m] Stopped Serial Getty on ttyS0.
[[0;32m  OK  [0m] Stopped Getty on tty1.
[[0;32m  OK  [0m] Stopped Authorization Manager.
[[0;32m  OK  [0m] Stopped OpenBSD Secure Shell server.
[[0;32m  OK  [0m] Stopped User Manager for UID 1000.
[[0;32m  OK  [0m] Stopped Availability of block devices.
[[0;32m  OK  [0m] Stopped D-Bus System Message Bus.
[[0;32m  OK  [0m] Stopped FUSE filesystem for LXC.
[[0;32m  OK  [0m] Stopped Session 5 of user vagrant.
[[0;32m  OK  [0m] Stopped LXD - container startup/shutdown.
[[0;32m  OK  [0m] Stopped LSB: Record successful boot for GRUB.
[[0;32m  OK  [0m] Removed slice User Slice of vagrant.
         Stopping Login Service...
[[0;32m  OK  [0m] Removed slice system-getty.slice.
[[0;32m  OK  [0m] Removed slice system-serial\x2dgetty.slice.
         Stopping Permit User Sessions...
[[0;32m  OK  [0m] Stopped Virtualbox guest utils.
[[0;32m  OK  [0m] Stopped LSB: automatic crash report generation.
[[0;32m  OK  [0m] Stopped Permit User Sessions.
[[0;32m  OK  [0m] Stopped target Network.
         Stopping Network Name Resolution...
[[0;32m  OK  [0m] Stopped target Remote File Systems.
[[0;32m  OK  [0m] Stopped target Remote File Systems (Pre).
[[0;32m  OK  [0m] Stopped Network Name Resolution.
[[0;32m  OK  [0m] Stopped Login Service.
[[0;32m  OK  [0m] Stopped target User and Group Name Lookups.
[[0;32m  OK  [0m] Stopped target Basic System.
[[0;32m  OK  [0m] Stopped target Sockets.
[[0;32m  OK  [0m] Closed Syslog Socket.
[[0;32m  OK  [0m] Closed Open-iSCSI iscsid Socket.
[[0;32m  OK  [0m] Closed ACPID Listen Socket.
[[0;32m  OK  [0m] Closed UUID daemon activation socket.
[[0;32m  OK  [0m] Closed Socket activation for snappy daemon.
[[0;32m  OK  [0m] Closed LXD - unix socket.
[[0;32m  OK  [0m] Stopped target Slices.
[[0;32m  OK  [0m] Removed slice User and Session Slice.
[[0;32m  OK  [0m] Stopped target Paths.
[[0;32m  OK  [0m] Stopped ACPI Events Check.
[[0;32m  OK  [0m] Closed D-Bus System Message Bus Socket.
[[0;32m  OK  [0m] Stopped target System Initialization.
         Stopping Load/Save Random Seed...
[[0;32m  OK  [0m] Stopped target Local Encrypted Volumes.
[[0;32m  OK  [0m] Stopped Dispatch Password Requests to Console Directory Watch.
[[0;32m  OK  [0m] Stopped Forward Password Requests to Wall Directory Watch.
[[0;32m  OK  [0m] Stopped Initial cloud-init job (metadata service crawler).
[[0;32m  OK  [0m] Stopped Wait for Network to be Configured.
         Stopping Network Service...
         Stopping Update UTMP about System Boot/Shutdown...
[[0;32m  OK  [0m] Stopped Commit a transient machine-id on disk.
[[0;32m  OK  [0m] Stopped Load/Save Random Seed.
[[0;32m  OK  [0m] Stopped Update UTMP about System Boot/Shutdown.
[[0;32m  OK  [0m] Stopped Create Volatile Files and Directories.
[[0;32m  OK  [0m] Stopped target Local File Systems.
         Unmounting /run/user/1000...
         Unmounting /vagrant...
[[0;32m  OK  [0m] Stopped Network Service.
[[0;32m  OK  [0m] Unmounted /run/user/1000.
[[0;32m  OK  [0m] Unmounted /vagrant.
[[0;32m  OK  [0m] Reached target Unmount All Filesystems.
[[0;32m  OK  [0m] Stopped target Swap.
[[0;32m  OK  [0m] Stopped target Local File Systems (Pre).
         Stopping Monitoring of LVM2 mirrorsâ€¦ng dmeventd or progress polling...
[[0;32m  OK  [0m] Stopped Create Static Device Nodes in /dev.
[[0;32m  OK  [0m] Stopped target Network (Pre).
[[0;32m  OK  [0m] Stopped Initial cloud-init job (pre-networking).
[[0;32m  OK  [0m] Stopped Remount Root and Kernel File Systems.
[[0;32m  OK  [0m] Stopped Apply Kernel Variables.
[[0;32m  OK  [0m] Stopped Load Kernel Modules.
[[0;32m  OK  [0m] Reached target Shutdown.
[[0;32m  OK  [0m] Reached target Final Step.
         Starting Power-Off...
[[0;32m  OK  [0m] Stopped Monitoring of LVM2 mirrors,â€¦sing dmeventd or progress polling.
         Stopping LVM2 metadata daemon...
[[0;32m  OK  [0m] Stopped LVM2 metadata daemon.
[  112.810369] reboot: Power down
